# Development Log

## Teams Module Implementation & Fixes
**Date:** April 11, 2024  
**Time:** 2:00 pm

**Feature:** Teams functionality for project management

**Implementation:**
1. Created database schema for teams functionality:
   - Created teams, team_members, project_teams, and team_invitations tables
   - Set up proper RLS policies for team-related operations
   - Added functions for team access checks

2. Added server-side functions for team operations:
   - Created getUserTeams, getTeam, and other team retrieval functions
   - Implemented team CRUD operations
   - Added team-project assignment functionality
   - Fixed getUserTeams to properly show teams created by a user

3. Developed UI components for team management:
   - Implemented TeamList and TeamCard components for listing teams
   - Created TeamForm for team creation and editing
   - Built TeamMembers for member management
   - Added TeamProjects for managing project assignments

4. Fixed major issues:
   - Resolved RLS policy for team members that was preventing team creators from being added as owners
   - Fixed team creation form styling to match project creation form
   - Resolved React Server Components error with event handlers by creating a TeamDetailClient component
   - Implemented proper error handling throughout the feature

**Next Steps:**
- Create a proper team invitation system using email
- Expand project team assignment to allow team-level permissions
- Add more team statistics and activity tracking

**Files Added/Updated:**
- `/supabase/migrations/20250411_create_teams.sql` - Database schema for teams
- `/lib/supabase/teams.ts` - Supabase client functions for team operations
- `/app/teams/actions.ts` - Server actions for team operations
- `/components/teams/*` - UI components for team functionality
- `/app/teams/*` - Pages for team listing, creation, and management
- `/app/projects/[id]/teams/page.tsx` - Project team management page

# Development Log

## File Upload Feature Implementation
**Date:** March 24, 2024  
**Time:** 3:30 pm

**Feature:** File upload and management for projects

**Implementation:**
1. Created file upload and file list components:
   - `components/files/file-upload.tsx` - Client component for handling file uploads
   - `components/files/file-list.tsx` - Client component for displaying and managing uploaded files
   - `components/files/project-files-wrapper.tsx` - Client wrapper using dynamic imports with ssr:false
   - `components/files/project-files.tsx` - Main component for file management UI
   - `components/files/index.ts` - Export file for cleaner imports

2. Created server actions for file operations:
   - `app/actions/file-actions.ts` - Server actions for fetching project files

3. Database and storage setup:
   - Added Supabase storage bucket 'project-files'
   - Set up RLS policies for both database tables and storage
   - Ensured proper file paths using project IDs for organization

4. Fixed issues:
   - Resolved RLS policy violations by ensuring proper user membership in projects
   - Fixed client-side component hydration by using proper wrapper patterns
   - Improved error handling with better user feedback via toast notifications
   - Enhanced UI styling to match other project sections

**Files Updated:**
- `app/projects/[id]/page.tsx` - Added file tab with ProjectFilesWrapper
- `supabase/migrations/20240322_create_storage_bucket.sql` - Storage bucket creation
- `lib/supabase/files-adapter.ts` - Client-side adapter for file operations

**UX Improvements:**
- Empty state with dashed border and upload button
- File list with download and delete options
- Size formatting for better readability
- Alert dialogs for destructive actions
- Loading states during file operations

**Next Steps:**
- Add pagination for large file collections
- Implement file previews for supported file types
- Add search and filtering options

## API Authentication Fixes
**Date:** March 22, 2024  
**Time:** 4:30 pm

**Issue:** API routes were failing to authenticate users despite valid sessions existing. This was causing "Please log in" errors when submitting forms like project creation, even when the user was logged in.

**Root Cause:** API routes were using a different authentication method than server components, which was failing to detect cookies properly in the Next.js 15 environment.

**Fix:**
1. Updated API routes to use the same `getServerSession()` function from `/lib/supabase/server-auth.ts` that was working successfully in server components
2. Added a fallback authentication mechanism in the API routes that tries multiple session detection methods
3. Added client-side fallback to use server actions if API routes fail

**Files Updated:**
- `app/api/projects/route.ts` - Enhanced authentication to use `getServerSession()`
- `components/projects/new-project-form.tsx` - Added fallback to server actions

**Next Steps:**
- Monitor authentication across all APIs and forms
- Convert remaining REST API routes to server actions where appropriate

## March 22, 2024

### Today's Work Summary

@4:15 pm

# Database Schema Rebuild

After encountering persistent infinite recursion issues with Supabase RLS policies, we've decided to recreate the database schema from scratch with simplified policies that avoid the recursion problem.

## Changes Made

1. Created a comprehensive SQL script `supabase/migrations/recreate_database.sql` that:
   - Drops all existing tables (project_members, projects, profiles)
   - Creates tables with proper structure and foreign key relationships
   - Sets up Row Level Security (RLS) policies with simplified logic
   - Creates triggers for automatic profile creation

2. The new RLS policies avoid recursive checks by:
   - Using simpler query patterns
   - Avoiding nested subqueries that reference the same table in RLS policies
   - Creating targeted policies for specific operations

3. Added a visibility column to the projects table to support:
   - Public vs. private projects
   - Self-service membership for public projects
   - Better access control

## Implementation Strategy

The schema rebuild follows these key principles:

1. **Simplified Policy Structure**:
   - Direct user-based checks (e.g., `auth.uid() = user_id`)
   - Single-level subqueries to avoid recursion
   - Explicit separation of SELECT, INSERT, UPDATE, and DELETE policies

2. **Improved Database Design**:
   - Proper foreign key constraints with CASCADE behavior
   - Consistent timestamp fields (created_at, updated_at)
   - Unique constraints for membership relationships

3. **Robust Profile Handling**:
   - Auto-creation of profiles for new users
   - Better profile schema with additional metadata fields

## Testing and Validation

After applying this script in the Supabase SQL Editor:
- The infinite recursion errors should be resolved
- Project listing functionality should work correctly
- Project membership queries should execute without errors

## Next Steps

1. After applying the schema changes, we should test the application to ensure:
   - Projects load correctly on dashboard and projects pages
   - Project creation and membership functions work
   - Error handling is appropriate if any issues remain

2. Update application code if needed to take advantage of new schema features

@3:30 pm

# Async Supabase Client Integration

After fixing the cookie handling in Next.js 15, we encountered another issue with the Supabase client initialization:

## 1. Async Client Creation Issues

### Root Cause
- When we updated `createServerClient()` to be async in `auth-helpers.ts`, we also needed to await it everywhere it's called
- This resulted in TypeErrors: "supabase.from is not a function" because the client wasn't fully initialized

### Files Fixed
- Updated `lib/supabase/projects.ts` to properly await the client in all methods:
  - Fixed `getUserProjects`, `getProject`, `createProject`, `updateProject`, and `deleteProject` functions
  - Used await with every `createServerClient()` call

- Added better error handling in `app/dashboard/page.tsx`:
  - Wrapped project fetching in try/catch blocks
  - Added proper error logging
  - Ensured the UI can handle errors gracefully

### Implementation Pattern
```typescript
// OLD pattern (causing errors)
const supabase = createServerClient();

// NEW pattern (properly awaiting the async function)
const supabase = await createServerClient();
```

## 2. Next Steps

### Authentication Reliability
- Continue testing the authentication flow to ensure sessions persist correctly
- Monitor for any further TypeErrors or async/await issues
- Consider adding more fallback methods for authentication when cookies fail

### Supabase RLS Policies
- Still need to address the infinite recursion in RLS policies for project_members
- Can apply the SQL fixes documented in the knowledge base

# Previous entries

## March 22, 2024

### Today's Work Summary

@10:00 am

